../Core/Src/main.c:97:5:main	16	static
../Core/Src/main.c:199:6:PeriphCommonClock_Config	200	static
../Core/Src/main.c:227:13:MX_ADC3_Init	40	static
../Core/Src/main.c:298:13:MX_FDCAN1_Init	8	static
../Core/Src/main.c:365:13:MX_FDCAN2_Init	8	static
../Core/Src/main.c:418:13:MX_IWDG2_Init	8	static
../Core/Src/main.c:454:13:MX_SDMMC1_SD_Init	8	static
../Core/Src/main.c:492:13:MX_SPI1_Init	8	static
../Core/Src/main.c:547:13:MX_WWDG2_Init	8	static
../Core/Src/main.c:590:6:StartDefaultTask	16	static
../Core/Src/main.c:605:6:Error_Handler	4	static,ignoring_inline_asm
